../Core/Src/main.c:89:5:main	8	static
../Core/Src/main.c:179:6:SystemClock_Config	88	static
../Core/Src/main.c:225:13:MX_CAN2_Init	8	static
../Core/Src/main.c:262:13:MX_I2C1_Init	8	static
../Core/Src/main.c:296:13:MX_SPI1_Init	8	static
../Core/Src/main.c:332:13:MX_DMA_Init	16	static
../Core/Src/main.c:353:13:MX_GPIO_Init	48	static
../Core/Src/main.c:421:6:HAL_SPI_TxRxCpltCallback	16	static
../Core/Src/main.c:429:6:HAL_GPIO_EXTI_Callback	16	static
../Core/Src/main.c:446:6:StartDefaultTask	16	static
../Core/Src/main.c:468:6:HAL_TIM_PeriodElapsedCallback	16	static
../Core/Src/main.c:486:6:Error_Handler	4	static,ignoring_inline_asm
